
> brujulasocial@0.0.0 build
> vite build

[36mvite v7.3.1 [32mbuilding client environment for production...[36m[39m
transforming...
[32mÔ£ô[39m 3 modules transformed.
node.exe : [31mÔ£ù[39m 
Build failed in 56ms
En línea: 1 Carácter: 1
+ & "C:\Program 
Files\nodejs/node.exe" 
"C:\Program 
Files\nodejs/node_mo ...
+ ~~~~~~~~~~~~~~~~~~~~~~~~~~~~
~~~~~~~~~~~~~~~~~~~~~~~~~~~~~~
~~~~~~~~~~~
    + CategoryInfo          : 
    NotSpecified: ([31mÔ£ù  
  [39m Build failed in 56ms   
 :String) [], RemoteExcept    
ion
    + FullyQualifiedErrorId : 
    NativeCommandError
 
[31merror during build:
[31m[vite:esbuild] Transform 
failed with 1 error:
C:/Users/HP78D/Desktop/brujula
Social/src/routes/Routing.jsx:
15:1: ERROR: Expected 
identifier but found "<"[31m
file: [36mC:/Users/HP78D/Desk
top/brujulaSocial/src/routes/R
outing.jsx:15:1[31m
[33m
[33mExpected identifier but 
found "<"[33m
13 |      <BrowserRouter>
14 |        <Routes>
15 |  <<<<<<< HEAD
   |   ^
16 |          <Route path="/" 
element={<HomePage />} />
17 |          <Route 
path="/inicio" 
element={<InicioUser />} />
[31m
    at failureErrorWithLog (C:
\Users\HP78D\Desktop\brujulaSo
cial\node_modules\esbuild\lib\
main.js:1748:15)
    at C:\Users\HP78D\Desktop\
brujulaSocial\node_modules\esb
uild\lib\main.js:1017:50
    at 
responseCallbacks.<computed> (
C:\Users\HP78D\Desktop\brujula
Social\node_modules\esbuild\li
b\main.js:884:9)
    at handleIncomingPacket (C
:\Users\HP78D\Desktop\brujulaS
ocial\node_modules\esbuild\lib
\main.js:939:12)
    at Socket.readFromStdout (
C:\Users\HP78D\Desktop\brujula
Social\node_modules\esbuild\li
b\main.js:862:7)
    at Socket.emit 
(node:events:508:28)
    at addChunk (node:internal
/streams/readable:559:12)
    at 
readableAddChunkPushByteMode (
node:internal/streams/readable
:510:3)
    at Readable.push (node:int
ernal/streams/readable:390:5)
    at Pipe.onStreamRead (node
:internal/stream_base_commons:
189:23)[39m
