node.exe : [31mÔ£ù[39m 
Build failed in 388ms
En línea: 1 Carácter: 1
+ & "C:\Program 
Files\nodejs/node.exe" 
"C:\Program 
Files\nodejs/node_mo ...
+ ~~~~~~~~~~~~~~~~~~~~~~~~~~~~
~~~~~~~~~~~~~~~~~~~~~~~~~~~~~~
~~~~~~~~~~~
    + CategoryInfo          : 
    NotSpecified: ([31mÔ£ù  
  [39m Build failed in 388m   
 s:String) [], RemoteExcep    
tion
    + FullyQualifiedErrorId : 
    NativeCommandError
 
[31merror during build:
[31m[vite]: Rollup failed to 
resolve import "recharts" 
from "C:/Users/HP78D/Desktop/b
rujulaSocial/src/components/Pe
rfilVoluntario/PerfilVoluntari
o.jsx".
This is most likely 
unintended because it can 
break your application at 
runtime.
If you do want to externalize 
this module explicitly add it 
to
`build.rollupOptions.external`
[31m
    at viteLog (file:///C:/Use
rs/HP78D/Desktop/brujulaSocial
/node_modules/vite/dist/node/c
hunks/config.js:33635:57)
    at file:///C:/Users/HP78D/
Desktop/brujulaSocial/node_mod
ules/vite/dist/node/chunks/con
fig.js:33669:73
    at onwarn (file:///C:/User
s/HP78D/Desktop/brujulaSocial/
node_modules/@vitejs/plugin-re
act/dist/index.js:76:7)
    at file:///C:/Users/HP78D/
Desktop/brujulaSocial/node_mod
ules/vite/dist/node/chunks/con
fig.js:33669:28
    at onRollupLog (file:///C:
/Users/HP78D/Desktop/brujulaSo
cial/node_modules/vite/dist/no
de/chunks/config.js:33664:63)
    at onLog (file:///C:/Users
/HP78D/Desktop/brujulaSocial/n
ode_modules/vite/dist/node/chu
nks/config.js:33467:4)
    at file:///C:/Users/HP78D/
Desktop/brujulaSocial/node_mod
ules/rollup/dist/es/shared/nod
e-entry.js:20981:32
    at Object.logger [as 
onLog] (file:///C:/Users/HP78D
/Desktop/brujulaSocial/node_mo
dules/rollup/dist/es/shared/no
de-entry.js:22968:9)
    at ModuleLoader.handleInva
lidResolvedId (file:///C:/User
s/HP78D/Desktop/brujulaSocial/
node_modules/rollup/dist/es/sh
ared/node-entry.js:21712:26)
    at file:///C:/Users/HP78D/
Desktop/brujulaSocial/node_mod
ules/rollup/dist/es/shared/nod
e-entry.js:21670:26[39m
